1st commit from remote
